// Jest Snapshot v1, https://goo.gl/fbAQLP

exports[`Photolist is rendering Renders 1`] = `
<DocumentFragment>
  <div
    class="flex-row"
  />
</DocumentFragment>
`;
